// 重构日志: 0ccd5fdf
// 同步 ID: 31e07119 @ Wed Jul 15 13:54:02 UTC 2026
// 重构日志: 6d6f3bd5
// 同步 ID: c6a9afb6 @ Thu Jul 16 20:37:01 UTC 2026
// 重构日志: d78920eb
// 重构日志: e5504a0f
// 重构日志: 49ea6af7
// 同步 ID: 4c1cab3d @ Sat Jul 18 22:39:42 UTC 2026
// 重构日志: 7263ecf0
// 同步 ID: 74e18f44 @ Mon Jul 20 17:56:27 UTC 2026
// 重构日志: 96eefa2e
// 重构日志: 5e3aa877
// 同步 ID: 3dad4456 @ Tue Jul 21 10:52:40 UTC 2026
// 重构日志: d948e6a3
// 重构日志: 6bde3880
// 同步 ID: 590cd435 @ Thu Jul 23 16:03:15 UTC 2026
// 同步 ID: ae81db05 @ Fri Jul 24 11:35:13 UTC 2026
// 重构日志: 631c2690
// 重构日志: a0189ea4
// 重构日志: fe8eec1a
// 重构日志: e10bbd86
// 重构日志: f48dc886
// 重构日志: b26b2d86
// 同步 ID: c82816ab @ Sun Jul 26 05:03:49 UTC 2026
// 重构日志: 719296f5
// 重构日志: 0e68fbe6
// 重构日志: 182995db
// 重构日志: fdcc9f46
// 同步 ID: a2a9fd40 @ Mon Jul 27 21:06:16 UTC 2026
// 同步 ID: 996a228d @ Wed Jul 29 01:43:14 UTC 2026
// 重构日志: b305f923
// 重构日志: ef960402
